#-----------------------------------------------------------
# Vivado v2023.1 (64-bit)
# SW Build 3865809 on Sun May  7 15:05:29 MDT 2023
# IP Build 3864474 on Sun May  7 20:36:21 MDT 2023
# SharedData Build 3865790 on Sun May 07 13:33:03 MDT 2023
# Start of session at: Tue Mar 19 17:34:35 2024
# Process ID: 10788
# Current directory: C:/Users/Hyeonsu_Shin/Documents/Vivado_Verilog/enemy_detector
# Command line: vivado.exe -gui_launcher_event rodinguilauncherevent30356 C:\Users\Hyeonsu_Shin\Documents\Vivado_Verilog\enemy_detector\graduate_project.xpr
# Log file: C:/Users/Hyeonsu_Shin/Documents/Vivado_Verilog/enemy_detector/vivado.log
# Journal file: C:/Users/Hyeonsu_Shin/Documents/Vivado_Verilog/enemy_detector\vivado.jou
# Running On: DESKTOP-MSCB9DK, OS: Windows, CPU Frequency: 3194 MHz, CPU Physical cores: 16, Host memory: 29734 MB
#-----------------------------------------------------------
start_gui
open_project C:/Users/Hyeonsu_Shin/Documents/Vivado_Verilog/enemy_detector/graduate_project.xpr
update_compile_order -fileset sources_1
